#
# There is insufficient memory for the Java Runtime Environment to continue.
# Native memory allocation (mmap) failed to map 264241152 bytes. Error detail: G1 virtual space
# Possible reasons:
#   The system is out of physical RAM or swap space
#   This process is running with CompressedOops enabled, and the Java Heap may be blocking the growth of the native heap
# Possible solutions:
#   Reduce memory load on the system
#   Increase physical memory or swap space
#   Check if swap backing store is full
#   Decrease Java heap size (-Xmx/-Xms)
#   Decrease number of Java threads
#   Decrease Java thread stack sizes (-Xss)
#   Set larger code cache with -XX:ReservedCodeCacheSize=
#   JVM is running with Zero Based Compressed Oops mode in which the Java heap is
#     placed in the first 32GB address space. The Java Heap base address is the
#     maximum limit for the native heap growth. Please use -XX:HeapBaseMinAddress
#     to set the Java Heap base and to place the Java Heap above 32GB virtual address.
# This output file may be truncated or incomplete.
#
#  Out of Memory Error (os_windows.cpp:3925), pid=27512, tid=11384
#
# JRE version:  (21.0.8+9) (build )
# Java VM: OpenJDK 64-Bit Server VM (21.0.8+9-b1140.54, mixed mode, sharing, tiered, compressed oops, compressed class ptrs, g1 gc, windows-amd64)
# No core dump will be written. Minidumps are not enabled by default on client versions of Windows
#

---------------  S U M M A R Y ------------

Command Line: 

Host: 12th Gen Intel(R) Core(TM) i5-12450H, 12 cores, 15G,  Windows 11 , 64 bit Build 26100 (10.0.26100.8246)
Time: Thu May  7 00:06:07 2026 elapsed time: 0.073982 seconds (0d 0h 0m 0s)

---------------  T H R E A D  ---------------

Current thread (0x000001d5f2d69690):  JavaThread "Unknown thread" [_thread_in_vm, id=11384, stack(0x000000c69d300000,0x000000c69d400000) (1024K)]

Stack: [0x000000c69d300000,0x000000c69d400000]
Native frames: (J=compiled Java code, j=interpreted, Vv=VM code, C=native code)
V  [jvm.dll+0x6ebf99]  os::win32::platform_print_native_stack+0xd9  (os_windows_x86.cpp:236)
V  [jvm.dll+0x8cbfa3]  VMError::report+0xd83  (vmError.cpp:1017)
V  [jvm.dll+0x8ce55e]  VMError::report_and_die+0x5fe  (vmError.cpp:1877)
V  [jvm.dll+0x8cec43]  VMError::report_and_die+0x43  (vmError.cpp:1647)
V  [jvm.dll+0x28adf6]  report_vm_out_of_memory+0x56  (debug.cpp:225)
V  [jvm.dll+0x6e8775]  os::pd_commit_memory_or_exit+0x75  (os_windows.cpp:3933)
V  [jvm.dll+0x6dbfca]  os::commit_memory_or_exit+0x2a  (os.cpp:1907)
V  [jvm.dll+0x36689b]  G1PageBasedVirtualSpace::commit+0xdb  (g1PageBasedVirtualSpace.cpp:196)
V  [jvm.dll+0x36e466]  G1RegionsLargerThanCommitSizeMapper::commit_regions+0x76  (g1RegionToSpaceMapper.cpp:100)
V  [jvm.dll+0x3c08c6]  HeapRegionManager::expand_any+0xa6  (heapRegionManager.cpp:344)
V  [jvm.dll+0x3c0b98]  HeapRegionManager::expand_by+0xd8  (heapRegionManager.cpp:361)
V  [jvm.dll+0x3390cc]  G1CollectedHeap::expand+0xbc  (g1CollectedHeap.cpp:1107)
V  [jvm.dll+0x339dbb]  G1CollectedHeap::initialize+0x54b  (g1CollectedHeap.cpp:1480)
V  [jvm.dll+0x893429]  universe_init+0xb9  (universe.cpp:796)
V  [jvm.dll+0x3cda98]  init_globals+0x48  (init.cpp:133)
V  [jvm.dll+0x87c448]  Threads::create_vm+0x298  (threads.cpp:555)
V  [jvm.dll+0x46283e]  JNI_CreateJavaVM_inner+0x8e  (jni.cpp:3628)
V  [jvm.dll+0x464521]  JNI_CreateJavaVM+0x11  (jni.cpp:3723)
C  [jli.dll+0x52ab]  JavaMain+0x113  (java.c:415)
C  [ucrtbase.dll+0x37b0]
C  [KERNEL32.DLL+0x2e8d7]
C  [ntdll.dll+0x8c3fc]


---------------  P R O C E S S  ---------------

Threads class SMR info:
_java_thread_list=0x00007ff8626942c8, length=0, elements={
}

Java Threads: ( => current thread )
Total: 0

Other Threads:
  0x000001d5f2dce940 WorkerThread "GC Thread#0"                     [id=5732, stack(0x000000c69d400000,0x000000c69d500000) (1024K)]
  0x000001d5f2ddf4e0 ConcurrentGCThread "G1 Main Marker"            [id=18008, stack(0x000000c69d500000,0x000000c69d600000) (1024K)]
  0x000001d5f2de0bf0 WorkerThread "G1 Conc#0"                       [id=14364, stack(0x000000c69d600000,0x000000c69d700000) (1024K)]

[error occurred during error reporting (printing all threads), id 0xc0000005, EXCEPTION_ACCESS_VIOLATION (0xc0000005) at pc=0x00007ff861d7c0b7]
VM state: not at safepoint (not fully initialized)

VM Mutex/Monitor currently owned by a thread:  ([mutex/lock_event])
[0x00007ff862708d58] Heap_lock - owner thread: 0x000001d5f2d69690

Heap address: 0x0000000704400000, size: 4028 MB, Compressed Oops mode: Zero based, Oop shift amount: 3

CDS archive(s) mapped at: [0x0000000000000000-0x0000000000000000-0x0000000000000000), size 0, SharedBaseAddress: 0x0000000800000000, ArchiveRelocationMode: 1.
Narrow klass base: 0x0000000000000000, Narrow klass shift: 0, Narrow klass range: 0x0

GC Precious Log:
 CardTable entry size: 512
 Card Set container configuration: InlinePtr #cards 4 size 8 Array Of Cards #cards 16 size 48 Howl #buckets 8 coarsen threshold 3686 Howl Bitmap #cards 512 size 80 coarsen threshold 460 Card regions per heap region 1 cards per card region 4096

Heap:
 garbage-first heap   total 0K, used 0K [0x0000000704400000, 0x0000000800000000)
  region size 2048K, 0 young (0K), 0 survivors (0K)
 Metaspace       used 0K, committed 0K, reserved 0K
  class space    used 0K, committed 0K, reserved 0K

Heap Regions: E=young(eden), S=young(survivor), O=old, HS=humongous(starts), HC=humongous(continues), CS=collection set, F=free, TAMS=top-at-mark-start, PB=parsable bottom

Card table byte_map: [0x000001d5f76b0000,0x000001d5f7e90000] _byte_map_base: 0x000001d5f3e8e000

Marking Bits: (CMBitMap*) 0x000001d5f2dcf040
 Bits: [0x000001d5f7e90000, 0x000001d5fbd80000)

GC Heap History (0 events):
No events

Dll operation events (1 events):
Event: 0.066 Loaded shared library C:\Users\wsc11\.jdks\jbr-21.0.8\bin\java.dll

Deoptimization events (0 events):
No events

Classes loaded (0 events):
No events

Classes unloaded (0 events):
No events

Classes redefined (0 events):
No events

Internal exceptions (0 events):
No events

ZGC Phase Switch (0 events):
No events

VM Operations (0 events):
No events

Memory protections (0 events):
No events

Nmethod flushes (0 events):
No events

Events (0 events):
No events


Dynamic libraries:
0x00007ff73fbe0000 - 0x00007ff73fbea000 	C:\Users\wsc11\.jdks\jbr-21.0.8\bin\java.exe
0x00007ff8ee720000 - 0x00007ff8ee987000 	C:\WINDOWS\SYSTEM32\ntdll.dll
0x00007ff8ed5c0000 - 0x00007ff8ed689000 	C:\WINDOWS\System32\KERNEL32.DLL
0x00007ff8eaff0000 - 0x00007ff8eb3e4000 	C:\WINDOWS\System32\KERNELBASE.dll
0x00007ff8ebe10000 - 0x00007ff8ebf5b000 	C:\WINDOWS\System32\ucrtbase.dll
0x00007ff8c7770000 - 0x00007ff8c7788000 	C:\Users\wsc11\.jdks\jbr-21.0.8\bin\jli.dll
0x00007ff8ed7b0000 - 0x00007ff8ed975000 	C:\WINDOWS\System32\USER32.dll
0x00007ff8eb3f0000 - 0x00007ff8eb417000 	C:\WINDOWS\System32\win32u.dll
0x00007ff8ed990000 - 0x00007ff8ed9bb000 	C:\WINDOWS\System32\GDI32.dll
0x00007ff8ec380000 - 0x00007ff8ec4ab000 	C:\WINDOWS\System32\gdi32full.dll
0x00007ff8ebf60000 - 0x00007ff8ec003000 	C:\WINDOWS\System32\msvcp_win.dll
0x00007ff8d7f20000 - 0x00007ff8d7f3b000 	C:\Users\wsc11\.jdks\jbr-21.0.8\bin\VCRUNTIME140.dll
0x00007ff8d7410000 - 0x00007ff8d76a3000 	C:\WINDOWS\WinSxS\amd64_microsoft.windows.common-controls_6595b64144ccf1df_6.0.26100.8115_none_3e075c82e3354f9c\COMCTL32.dll
0x00007ff8ece30000 - 0x00007ff8eced9000 	C:\WINDOWS\System32\msvcrt.dll
0x00007ff8edbc0000 - 0x00007ff8edbf2000 	C:\WINDOWS\System32\IMM32.DLL
0x00007ff8e6270000 - 0x00007ff8e627c000 	C:\Users\wsc11\.jdks\jbr-21.0.8\bin\vcruntime140_1.dll
0x00007ff8b3e50000 - 0x00007ff8b3edd000 	C:\Users\wsc11\.jdks\jbr-21.0.8\bin\msvcp140.dll
0x00007ff861a30000 - 0x00007ff8627fc000 	C:\Users\wsc11\.jdks\jbr-21.0.8\bin\server\jvm.dll
0x00007ff8ed500000 - 0x00007ff8ed5b6000 	C:\WINDOWS\System32\ADVAPI32.dll
0x00007ff8ecc20000 - 0x00007ff8eccc7000 	C:\WINDOWS\System32\sechost.dll
0x00007ff8ed690000 - 0x00007ff8ed7a8000 	C:\WINDOWS\System32\RPCRT4.dll
0x00007ff8eccd0000 - 0x00007ff8ecd50000 	C:\WINDOWS\System32\WS2_32.dll
0x00007ff8eae70000 - 0x00007ff8eaece000 	C:\WINDOWS\SYSTEM32\POWRPROF.dll
0x00007ff8e0080000 - 0x00007ff8e008b000 	C:\WINDOWS\SYSTEM32\VERSION.dll
0x00007ff8e10e0000 - 0x00007ff8e1116000 	C:\WINDOWS\SYSTEM32\WINMM.dll
0x00007ff8eae50000 - 0x00007ff8eae64000 	C:\WINDOWS\SYSTEM32\UMPDC.dll
0x00007ff8e9cc0000 - 0x00007ff8e9cdb000 	C:\WINDOWS\SYSTEM32\kernel.appcore.dll
0x00007ff8e0260000 - 0x00007ff8e026a000 	C:\Users\wsc11\.jdks\jbr-21.0.8\bin\jimage.dll
0x00007ff8e8bc0000 - 0x00007ff8e8e02000 	C:\WINDOWS\SYSTEM32\DBGHELP.DLL
0x00007ff8ed170000 - 0x00007ff8ed4f2000 	C:\WINDOWS\System32\combase.dll
0x00007ff8ecb40000 - 0x00007ff8ecc18000 	C:\WINDOWS\System32\OLEAUT32.dll
0x00007ff8cffe0000 - 0x00007ff8d001b000 	C:\WINDOWS\SYSTEM32\dbgcore.DLL
0x00007ff8ec2d0000 - 0x00007ff8ec375000 	C:\WINDOWS\System32\bcryptPrimitives.dll
0x00007ff8c7750000 - 0x00007ff8c7770000 	C:\Users\wsc11\.jdks\jbr-21.0.8\bin\java.dll

JVMTI agents: none

dbghelp: loaded successfully - version: 4.0.5 - missing functions: none
symbol engine: initialized successfully - sym options: 0x614 - pdb path: .;C:\Users\wsc11\.jdks\jbr-21.0.8\bin;C:\WINDOWS\SYSTEM32;C:\WINDOWS\WinSxS\amd64_microsoft.windows.common-controls_6595b64144ccf1df_6.0.26100.8115_none_3e075c82e3354f9c;C:\Users\wsc11\.jdks\jbr-21.0.8\bin\server

VM Arguments:
java_command: <unknown>
java_class_path (initial): <not set>
Launcher Type: SUN_STANDARD

[Global flags]
     intx CICompilerCount                          = 4                                         {product} {ergonomic}
     uint ConcGCThreads                            = 3                                         {product} {ergonomic}
     uint G1ConcRefinementThreads                  = 10                                        {product} {ergonomic}
   size_t G1HeapRegionSize                         = 2097152                                   {product} {ergonomic}
    uintx GCDrainStackTargetSize                   = 64                                        {product} {ergonomic}
   size_t InitialHeapSize                          = 264241152                                 {product} {ergonomic}
   size_t MarkStackSize                            = 4194304                                   {product} {ergonomic}
   size_t MaxHeapSize                              = 4223664128                                {product} {ergonomic}
   size_t MinHeapDeltaBytes                        = 2097152                                   {product} {ergonomic}
   size_t MinHeapSize                              = 8388608                                   {product} {ergonomic}
    uintx NonNMethodCodeHeapSize                   = 5839372                                {pd product} {ergonomic}
    uintx NonProfiledCodeHeapSize                  = 122909434                              {pd product} {ergonomic}
    uintx ProfiledCodeHeapSize                     = 122909434                              {pd product} {ergonomic}
    uintx ReservedCodeCacheSize                    = 251658240                              {pd product} {ergonomic}
     bool SegmentedCodeCache                       = true                                      {product} {ergonomic}
   size_t SoftMaxHeapSize                          = 4223664128                             {manageable} {ergonomic}
     bool UseCompressedOops                        = true                           {product lp64_product} {ergonomic}
     bool UseG1GC                                  = true                                      {product} {ergonomic}
     bool UseLargePagesIndividualAllocation        = false                                  {pd product} {ergonomic}

Logging:
Log output configuration:
 #0: stdout all=warning uptime,level,tags foldmultilines=false
 #1: stderr all=off uptime,level,tags foldmultilines=false

Environment Variables:
PATH=C:\Program Files (x86)\Common Files\Oracle\Java\java8path;C:\Program Files (x86)\Common Files\Oracle\Java\javapath;C:\Program Files\PlasticSCM5\server;C:\Program Files\PlasticSCM5\client;C:\WINDOWS\system32;C:\WINDOWS;C:\WINDOWS\System32\Wbem;C:\WINDOWS\System32\WindowsPowerShell\v1.0\;C:\WINDOWS\System32\OpenSSH\;d:\Program Files\WorldPainter;C:\Program Files\dotnet\;C:\Program Files (x86)\ZeroTier\One\;C:\Program Files\Microsoft SQL Server\150\Tools\Binn\;d:\Program Files\Git\cmd;D:\Program Files\nodejs\;C:\Program Files\Microsoft SQL Server\170\Tools\Binn\;C:\Users\wsc11\AppData\Local\Microsoft\WindowsApps;;C:\Users\wsc11\AppData\Local\Programs\Microsoft VS Code\bin;C:\Users\wsc11\.dotnet\tools;C:\Users\wsc11\AppData\Roaming\npm
USERNAME=wsc11
OS=Windows_NT
PROCESSOR_IDENTIFIER=Intel64 Family 6 Model 154 Stepping 3, GenuineIntel
TMP=C:\Users\wsc11\AppData\Local\Temp
TEMP=C:\Users\wsc11\AppData\Local\Temp




Periodic native trim disabled

JNI global refs:
JNI global refs: 0, weak refs: 0

JNI global refs memory usage: 0, weak refs: 0

Process memory usage:
Resident Set Size: 58500K (0% of 16494456K total physical memory with 947924K free physical memory)

OOME stack traces (most recent first):
Classloader memory used:

---------------  S Y S T E M  ---------------

OS:
 Windows 11 , 64 bit Build 26100 (10.0.26100.8246)
OS uptime: 12 days 2:35 hours
Hyper-V role detected

CPU: total 12 (initial active 12) (6 cores per cpu, 2 threads per core) family 6 model 154 stepping 3 microcode 0x429, cx8, cmov, fxsr, ht, mmx, 3dnowpref, sse, sse2, sse3, ssse3, sse4.1, sse4.2, popcnt, lzcnt, tsc, tscinvbit, avx, avx2, aes, erms, clmul, bmi1, bmi2, adx, sha, fma, vzeroupper, clflush, clflushopt, clwb, hv, serialize, rdtscp, rdpid, fsrm, f16c, cet_ibt, cet_ss
Processor Information for processor 0
  Max Mhz: 2000, Current Mhz: 1040, Mhz Limit: 2000
Processor Information for processor 1
  Max Mhz: 2000, Current Mhz: 2000, Mhz Limit: 2000
Processor Information for processor 2
  Max Mhz: 2000, Current Mhz: 2000, Mhz Limit: 2000
Processor Information for processor 3
  Max Mhz: 2000, Current Mhz: 1040, Mhz Limit: 2000
Processor Information for processor 4
  Max Mhz: 2000, Current Mhz: 2000, Mhz Limit: 2000
Processor Information for processor 5
  Max Mhz: 2000, Current Mhz: 2000, Mhz Limit: 2000
Processor Information for processor 6
  Max Mhz: 2000, Current Mhz: 2000, Mhz Limit: 2000
Processor Information for processor 7
  Max Mhz: 2000, Current Mhz: 2000, Mhz Limit: 2000
Processor Information for processor 8
  Max Mhz: 2000, Current Mhz: 1500, Mhz Limit: 1500
Processor Information for processor 9
  Max Mhz: 2000, Current Mhz: 1500, Mhz Limit: 1500
Processor Information for processor 10
  Max Mhz: 2000, Current Mhz: 1500, Mhz Limit: 1500
Processor Information for processor 11
  Max Mhz: 2000, Current Mhz: 1500, Mhz Limit: 1500

Memory: 4k page, system-wide physical 16107M (925M free)
TotalPageFile size 41707M (AvailPageFile size 365M)
current process WorkingSet (physical memory assigned to process): 57M, peak: 57M
current process commit charge ("private bytes"): 108M, peak: 316M

vm_info: OpenJDK 64-Bit Server VM (21.0.8+9-b1140.54) for windows-amd64 JRE (21.0.8+9-b1140.54), built on 2025-09-27 by "builduser" with MS VC++ 16.10 / 16.11 (VS2019)

END.
